[17:32:47] [main/INFO]: Loading Minecraft 1.21.11 with Fabric Loader 0.18.2
[17:32:47] [main/INFO]: Loading 4 mods:
	- fabricloader 0.18.2
	   \-- mixinextras 0.5.0
	- java 21
	- minecraft 1.21.11
[17:32:48] [main/INFO]: SpongePowered MIXIN Subsystem Version=0.8.7 Source=file:/workspaces/glowing-octo-parakeet/servidor_minecraft/libraries/net/fabricmc/sponge-mixin/0.16.5+mixin.0.8.7/sponge-mixin-0.16.5+mixin.0.8.7.jar Service=Knot/Fabric Env=SERVER
[17:32:57] [main/INFO]: Environment: Environment[sessionHost=https://sessionserver.mojang.com, servicesHost=https://api.minecraftservices.com, profilesHost=https://api.mojang.com, name=PROD]
[17:33:01] [main/INFO]: Loaded 1470 recipes
[17:33:01] [main/INFO]: Loaded 1584 advancements
[17:33:01] [Server thread/INFO]: Starting minecraft server version 1.21.11
[17:33:01] [Server thread/INFO]: Loading properties
[17:33:01] [Server thread/INFO]: Default game type: SURVIVAL
[17:33:01] [Server thread/INFO]: Generating keypair
[17:33:01] [Server thread/INFO]: Starting Minecraft server on *:25565
[17:33:01] [Server thread/WARN]: **** SERVER IS RUNNING IN OFFLINE/INSECURE MODE!
[17:33:01] [Server thread/WARN]: The server will make no attempt to authenticate usernames. Beware.
[17:33:01] [Server thread/WARN]: While this makes the game possible to play without internet access, it also opens up the ability for hackers to connect with any username they choose.
[17:33:01] [Server thread/WARN]: To change this, set "online-mode" to "true" in the server.properties file.
[17:33:01] [Server thread/INFO]: Preparing level "world"
[17:33:02] [Server thread/INFO]: Loading 0 persistent chunks...
[17:33:02] [Server thread/INFO]: Preparing spawn area: 100%
[17:33:02] [Server thread/INFO]: Time elapsed: 13 ms
[17:33:02] [Server thread/INFO]: Done (0.448s)! For help, type "help"
[17:34:02] [Server thread/INFO]: Server empty for 60 seconds, pausing
